                    00001           
                    00002           INTCON_REG EQU 0Bh
                    00003           GIE EQU 7
                    00004           INTE EQU 4
                    00005           INTF EQU 1
                    00006           
                    00007           OPTION_REG EQU 01h
                    00008           INTEDG EQU 6
                    00009           
                    00010           
                    00011           STATUS EQU 03h
                    00012           RP0 EQU 05h
                    00013           
                    00014           ; user variables
                    00015           COUNTER EQU 5
                    00016           
                    00017           DEVICE 16F84
                    00018           
                    00019  INIT     
0000 018C           00020           CLRF 0Ch
0001 160B           00021           BSF INTCON_REG, INTE
0002 108B           00022           BCF INTCON_REG, INTF
0003 280A           00023           GOTO MAIN
                    00024           
                    00025  ISR_T0   ; 0004
0004 1C8B           00026           BTFSS INTCON_REG, INTF         ; INTF
0005 2807           00027           GOTO ISR_END
0006 0A85           00028           INCF COUNTER
                    00029  ISR_END  
0007 160B           00030           BSF INTCON_REG, INTE
0008 108B           00031           BCF INTCON_REG, INTF
0009 0009           00032           RETFIE                  ; return from interrupt enable
                    00033           
                    00034  MAIN     
000A 178B           00035           BSF INTCON_REG, GIE
000B 1683           00036           BSF STATUS, RP0         ; bank 1
000C 1701           00037           BSF OPTION_REG, INTEDG
000D 1283           00038           BCF STATUS, RP0         ; bank 0
                    00039           
                    00040  LOOP     
000E 280E           00041           GOTO LOOP
                    00042           END
